\BOOKMARK [1][-]{appendix.A}{\376\377\000A\000\040\000P\000r\000o\000o\000f\000s\000\040\000o\000f\000\040\000t\000h\000e\000\040\000R\000e\000s\000t\000a\000t\000e\000d\000\040\000P\000r\000o\000p\000a\000g\000a\000t\000i\000o\000n\000\040\000R\000e\000s\000u\000l\000t\000s}{}% 1
\BOOKMARK [2][-]{subsection.A.1}{\376\377\000A\000.\0001\000\040\000S\000t\000a\000t\000e\000m\000e\000n\000t\000s}{appendix.A}% 2
\BOOKMARK [2][-]{subsection.A.2}{\376\377\000A\000.\0002\000\040\000D\000e\000r\000i\000v\000a\000t\000i\000o\000n\000s}{appendix.A}% 3
\BOOKMARK [2][-]{subsection.A.3}{\376\377\000A\000.\0003\000\040\000W\000h\000y\000\040\000t\000h\000e\000\040\000h\000u\000b\000\040\000t\000o\000p\000o\000l\000o\000g\000i\000e\000s\000\040\000a\000r\000e\000\040\000t\000h\000e\000\040\000e\000n\000v\000i\000r\000o\000n\000m\000e\000n\000t\000'\000s\000\040\000c\000r\000i\000t\000i\000c\000a\000l\000\040\000o\000n\000e\000s}{appendix.A}% 4
\BOOKMARK [1][-]{appendix.B}{\376\377\000B\000\040\000S\000u\000p\000p\000l\000e\000m\000e\000n\000t\000a\000r\000y\000\040\000M\000a\000t\000e\000r\000i\000a\000l\000:\000\040\000N\000o\000t\000a\000t\000i\000o\000n\000,\000\040\000D\000e\000s\000i\000d\000e\000r\000a\000t\000a\000,\000\040\000a\000n\000d\000\040\000C\000o\000s\000t}{}% 5
\BOOKMARK [2][-]{subsection.B.1}{\376\377\000B\000.\0001\000\040\000T\000h\000r\000e\000a\000t\000s\000\040\000t\000o\000\040\000v\000a\000l\000i\000d\000i\000t\000y}{appendix.B}% 6
\BOOKMARK [2][-]{subsection.B.2}{\376\377\000B\000.\0002\000\040\000E\000t\000h\000i\000c\000s\000\040\000a\000n\000d\000\040\000s\000a\000f\000e\000t\000y}{appendix.B}% 7
\BOOKMARK [2][-]{subsection.B.3}{\376\377\000B\000.\0003\000\040\000M\000A\000S\000G\000y\000m\000\040\000a\000r\000c\000h\000i\000t\000e\000c\000t\000u\000r\000e\000\040\000a\000n\000d\000\040\000n\000o\000t\000a\000t\000i\000o\000n}{appendix.B}% 8
\BOOKMARK [2][-]{subsection.B.4}{\376\377\000B\000.\0004\000\040\000D\000e\000s\000i\000d\000e\000r\000a\000t\000a\000\040\000f\000o\000r\000\040\000t\000h\000e\000\040\000a\000g\000g\000r\000e\000g\000a\000t\000o\000r\000\040\000\050\000D\0001\040\023\000D\0005\000\051}{appendix.B}% 9
\BOOKMARK [2][-]{subsection.B.5}{\376\377\000B\000.\0005\000\040\000T\000o\000p\000o\000l\000o\000g\000y\000\040\000s\000t\000u\000d\000y}{appendix.B}% 10
\BOOKMARK [2][-]{subsection.B.6}{\376\377\000B\000.\0006\000\040\000C\000o\000s\000t\000\040\000a\000n\000d\000\040\000c\000o\000m\000p\000l\000e\000x\000i\000t\000y\000\040\000o\000f\000\040\000t\000h\000e\000\040\000i\000n\000s\000t\000r\000u\000m\000e\000n\000t}{appendix.B}% 11
\BOOKMARK [2][-]{subsection.B.7}{\376\377\000B\000.\0007\000\040\000M\000o\000d\000e\000l\000s\000,\000\040\000d\000e\000c\000o\000d\000i\000n\000g\000,\000\040\000a\000n\000d\000\040\000t\000h\000e\000\040\000e\000x\000a\000c\000t\000\040\000p\000r\000o\000m\000p\000t\000s\000\040\000o\000f\000\040\000t\000h\000e\000\040\000d\000e\000f\000e\000n\000s\000e\000\040\000s\000t\000u\000d\000y}{appendix.B}% 12
\BOOKMARK [1][-]{appendix.C}{\376\377\000C\000\040\000C\000l\000a\000r\000i\000f\000i\000c\000a\000t\000i\000o\000n\000s\000\040\000o\000f\000\040\000M\000a\000i\000n\000-\000T\000e\000x\000t\000\040\000S\000t\000a\000t\000e\000m\000e\000n\000t\000s}{}% 13
\BOOKMARK [2][-]{subsection.C.1}{\376\377\000C\000.\0001\000\040\000T\000h\000e\000\040\000h\000a\000r\000n\000e\000s\000s\000'\000s\000\040\000t\000r\000a\000c\000e\000\040\000p\000r\000o\000j\000e\000c\000t\000i\000o\000n\000\040\000a\000n\000d\000\040\000s\000a\000b\000o\000t\000a\000g\000e\000\040\000r\000u\000l\000e}{appendix.C}% 14
\BOOKMARK [2][-]{subsection.C.2}{\376\377\000C\000.\0002\000\040\000T\000h\000e\000\040\000p\000l\000a\000c\000e\000m\000e\000n\000t\000\040\000r\000e\000s\000u\000l\000t\000,\000\040\000s\000t\000a\000t\000e\000d\000\040\000e\000x\000a\000c\000t\000l\000y}{appendix.C}% 15
\BOOKMARK [2][-]{subsection.C.3}{\376\377\000C\000.\0003\000\040\000R\000e\000s\000o\000l\000u\000t\000i\000o\000n\000\040\000o\000f\000\040\000t\000h\000e\000\040\000r\000e\000p\000o\000r\000t\000e\000d\000\040\000d\000i\000f\000f\000e\000r\000e\000n\000c\000e\000s}{appendix.C}% 16
\BOOKMARK [2][-]{subsection.C.4}{\376\377\000C\000.\0004\000\040\000T\000e\000r\000m\000i\000n\000o\000l\000o\000g\000y\000\040\000a\000n\000d\000\040\000a\000\040\000c\000i\000t\000a\000t\000i\000o\000n\000\040\000c\000a\000v\000e\000a\000t}{appendix.C}% 17
\BOOKMARK [1][-]{appendix.D}{\376\377\000D\000\040\000E\000x\000t\000e\000n\000d\000e\000d\000\040\000P\000r\000o\000t\000o\000c\000o\000l\000\040\000a\000n\000d\000\040\000A\000d\000d\000i\000t\000i\000o\000n\000a\000l\000\040\000S\000y\000n\000t\000h\000e\000t\000i\000c\000-\000M\000o\000d\000e\000l\000\040\000S\000t\000u\000d\000i\000e\000s}{}% 18
\BOOKMARK [2][-]{subsection.D.1}{\376\377\000D\000.\0001\000\040\000H\000e\000a\000d\000l\000i\000n\000e\000\040\000d\000e\000g\000r\000a\000d\000a\000t\000i\000o\000n\000\040\000s\000t\000u\000d\000y\000\040\000\050\000R\000Q\0001\000\051\000,\000\040\000f\000u\000l\000l\000\040\000g\000r\000i\000d}{appendix.D}% 19
\BOOKMARK [2][-]{subsection.D.2}{\376\377\000D\000.\0002\000\040\000P\000r\000e\000c\000i\000s\000e\000\040\000m\000e\000t\000r\000i\000c\000\040\000d\000e\000f\000i\000n\000i\000t\000i\000o\000n\000s}{appendix.D}% 20
\BOOKMARK [2][-]{subsection.D.3}{\376\377\000D\000.\0003\000\040\000S\000y\000b\000i\000l\000\040\000a\000n\000d\000\040\000a\000d\000a\000p\000t\000i\000v\000i\000t\000y\000\040\000s\000t\000u\000d\000i\000e\000s}{appendix.D}% 21
\BOOKMARK [2][-]{subsection.D.4}{\376\377\000D\000.\0004\000\040\000C\000o\000s\000t\000\040\000m\000o\000d\000e\000l\000\040\000a\000n\000d\000\040\000r\000e\000a\000c\000h\000a\000b\000l\000e\000\040\000r\000e\000g\000i\000o\000n}{appendix.D}% 22
\BOOKMARK [2][-]{subsection.D.5}{\376\377\000D\000.\0005\000\040\000L\000L\000M\000\040\000b\000a\000c\000k\000b\000o\000n\000e\000\040\000p\000i\000l\000o\000t\000\040\000\050\000o\000p\000e\000n\000\040\000m\000o\000d\000e\000l\000s\000\051}{appendix.D}% 23
\BOOKMARK [2][-]{subsection.D.6}{\376\377\000D\000.\0006\000\040\000L\000L\000M\000\040\000b\000a\000c\000k\000b\000o\000n\000e\000\040\000p\000i\000l\000o\000t\000:\000\040\000t\000o\000p\000o\000l\000o\000g\000y\000\040\000s\000t\000u\000d\000y}{appendix.D}% 24
\BOOKMARK [2][-]{subsection.D.7}{\376\377\000D\000.\0007\000\040\000A\000\040\000w\000o\000r\000k\000e\000d\000\040\000f\000o\000r\000c\000e\000d\000-\000c\000o\000o\000r\000d\000i\000n\000a\000t\000i\000o\000n\000\040\000t\000a\000s\000k}{appendix.D}% 25
\BOOKMARK [2][-]{subsection.D.8}{\376\377\000D\000.\0008\000\040\000S\000e\000n\000s\000i\000t\000i\000v\000i\000t\000y\000\040\000a\000n\000d\000\040\000v\000a\000l\000i\000d\000i\000t\000y\000\040\000c\000h\000e\000c\000k\000s}{appendix.D}% 26
\BOOKMARK [2][-]{subsection.D.9}{\376\377\000D\000.\0009\000\040\000W\000h\000y\000\040\000t\000h\000r\000e\000e\000\040\000r\000o\000w\000s\000\040\000o\000f\000\040\000t\000a\000b\000:\000d\000e\000f\000e\000n\000s\000e\000\040\000a\000r\000e\000\040\000i\000d\000e\000n\000t\000i\000c\000a\000l}{appendix.D}% 27
\BOOKMARK [1][-]{appendix.E}{\376\377\000E\000\040\000A\000I\000-\000A\000s\000s\000i\000s\000t\000e\000d\000\040\000P\000r\000e\000p\000a\000r\000a\000t\000i\000o\000n}{}% 28
\BOOKMARK [1][-]{section*.19}{\376\377\000R\000e\000f\000e\000r\000e\000n\000c\000e\000s}{}% 29
